
Map of Debug\fat52.sm8 from link file Debug\fat52.lkf - Thu Nov 26 12:40:44 2015


                               --------
                               Segments
                               --------

start 00008080 end 0000811c length   156 segment .const
start 000082a5 end 00009a53 length  6062 segment .text
start 00004000 end 00004000 length     0 segment .eeprom
start 00000000 end 00000018 length    24 segment .bsct, initialized
start 0000812e end 00008146 length    24 segment .bsct, from
start 00000018 end 00000078 length    96 segment .ubsct
start 000078:0 end 000078:7 length     7 segment .bit, initialized
start 00008146 end 00008147 length     1 segment .bit, from
start 00000079 end 00000079 length     0 segment .share
start 00000100 end 0000025e length   350 segment .data, initialized
start 00008147 end 000082a5 length   350 segment .data, from
start 0000025e end 0000048d length   559 segment .bss
start 00000000 end 00000a9a length  2714 segment .info.
start 00000000 end 00001ab8 length  6840 segment .debug
start 00008000 end 00008080 length   128 segment .const
start 0000811c end 0000812e length    18 segment .init


                               -------
                               Modules
                               -------

C:\Program Files\COSMIC\CXSTM8_32K\Lib\crtsi0.sm8:
start 000082a5 end 000082f0 length    75 section .text
start 0000025e end 0000025e length     0 section .bss
start 00000018 end 00000018 length     0 section .ubsct
start 00000000 end 0000002f length    47 section .info.

Debug\main.o:
start 000082f0 end 00008ed0 length  3040 section .text
start 00000100 end 0000025e length   350 section .data
start 0000025e end 0000043c length   478 section .bss
start 00000000 end 0000000d length    13 section .bsct
start 00000018 end 0000006e length    86 section .ubsct
start 00000000 end 00001223 length  4643 section .debug
start 0000002f end 0000009d length   110 section .info.
start 00008080 end 0000809e length    30 section .const
start 000078:0 end 000078:7 length     7 section .bit

Debug\power_cnt_st.o:
start ******** end ******** length     0 section .text *** removed ***
start 0000043c end 0000048d length    81 section .bss
start 0000000d end 00000018 length    11 section .bsct
start ******** end ******** length     0 section .ubsct *** removed ***
start 00001223 end 0000194d length  1834 section .debug
start 0000009d end 00000113 length   118 section .info.
start ******** end ******** length     0 section .const *** removed ***

(C:\Program Files\COSMIC\CXSTM8_32K\Lib\libfs0.sm8)pow.o:
start 00008ed0 end 00008fe1 length   273 section .text
start 00000113 end 00000184 length   113 section .info.
start 0000809e end 000080ae length    16 section .const

(C:\Program Files\COSMIC\CXSTM8_32K\Lib\libfs0.sm8)exp.o:
start 00008fe1 end 000090b3 length   210 section .text
start 00000184 end 000001f5 length   113 section .info.
start 000080ae end 000080ce length    32 section .const

(C:\Program Files\COSMIC\CXSTM8_32K\Lib\libfs0.sm8)cffun0.o:
start 000090b3 end 0000910f length    92 section .text
start 000001f5 end 00000222 length    45 section .info.

(C:\Program Files\COSMIC\CXSTM8_32K\Lib\libfs0.sm8)ifmod.o:
start 0000910f end 00009218 length   265 section .text
start 00000222 end 00000295 length   115 section .info.

(C:\Program Files\COSMIC\CXSTM8_32K\Lib\libfs0.sm8)ftrunc.o:
start 00009218 end 00009238 length    32 section .text
start 00000295 end 00000309 length   116 section .info.

(C:\Program Files\COSMIC\CXSTM8_32K\Lib\libfs0.sm8)log.o:
start 00009238 end 000093b8 length   384 section .text
start 00000309 end 0000037a length   113 section .info.
start 000080ce end 000080fa length    44 section .const

(C:\Program Files\COSMIC\CXSTM8_32K\Lib\libfs0.sm8)cfcon.o:
start 0000037a end 000003ed length   115 section .info.
start 000080fa end 0000811c length    34 section .const

(C:\Program Files\COSMIC\CXSTM8_32K\Lib\libis0.sm8)isalnm0.o:
start 000093b8 end 000093d2 length    26 section .text
start 000003ed end 0000041b length    46 section .info.

(C:\Program Files\COSMIC\CXSTM8_32K\Lib\libm0.sm8)fadd.o:
start 000093d2 end 000094af length   221 section .text
start 0000041b end 00000449 length    46 section .info.

(C:\Program Files\COSMIC\CXSTM8_32K\Lib\libm0.sm8)fcmp.o:
start 000094af end 000094e5 length    54 section .text
start 00000449 end 00000477 length    46 section .info.

(C:\Program Files\COSMIC\CXSTM8_32K\Lib\libm0.sm8)fdiv.o:
start 000094e5 end 00009569 length   132 section .text
start 00000477 end 000004a5 length    46 section .info.

(C:\Program Files\COSMIC\CXSTM8_32K\Lib\libm0.sm8)fgadd.o:
start 00009569 end 00009571 length     8 section .text
start 000004a5 end 000004d4 length    47 section .info.

(C:\Program Files\COSMIC\CXSTM8_32K\Lib\libm0.sm8)fgmul.o:
start 00009571 end 00009579 length     8 section .text
start 000004d4 end 00000503 length    47 section .info.

(C:\Program Files\COSMIC\CXSTM8_32K\Lib\libm0.sm8)fgneg.o:
start 00009579 end 00009584 length    11 section .text
start 00000503 end 00000532 length    47 section .info.

(C:\Program Files\COSMIC\CXSTM8_32K\Lib\libm0.sm8)fgsub.o:
start 00009584 end 0000958f length    11 section .text
start 00000532 end 00000561 length    47 section .info.

(C:\Program Files\COSMIC\CXSTM8_32K\Lib\libm0.sm8)fmul.o:
start 0000958f end 00009664 length   213 section .text
start 00000561 end 0000058f length    46 section .info.

(C:\Program Files\COSMIC\CXSTM8_32K\Lib\libm0.sm8)fneg.o:
start 00009664 end 0000966f length    11 section .text
start 0000058f end 000005bd length    46 section .info.

(C:\Program Files\COSMIC\CXSTM8_32K\Lib\libm0.sm8)ftol.o:
start 0000966f end 000096d1 length    98 section .text
start 000005bd end 000005eb length    46 section .info.

(C:\Program Files\COSMIC\CXSTM8_32K\Lib\libm0.sm8)idiv.o:
start 000096d1 end 000096ef length    30 section .text
start 000005eb end 00000619 length    46 section .info.

(C:\Program Files\COSMIC\CXSTM8_32K\Lib\libm0.sm8)imul.o:
start 000096ef end 00009710 length    33 section .text
start 00000619 end 00000647 length    46 section .info.

(C:\Program Files\COSMIC\CXSTM8_32K\Lib\libm0.sm8)itof.o:
start 00009710 end 0000973e length    46 section .text
start 00000647 end 00000675 length    46 section .info.

(C:\Program Files\COSMIC\CXSTM8_32K\Lib\libm0.sm8)itolx.o:
start 0000973e end 0000974c length    14 section .text
start 00000675 end 000006a4 length    47 section .info.

(C:\Program Files\COSMIC\CXSTM8_32K\Lib\libm0.sm8)lsdiv.o:
start 0000974c end 0000976b length    31 section .text
start 000006a4 end 000006d3 length    47 section .info.

(C:\Program Files\COSMIC\CXSTM8_32K\Lib\libm0.sm8)ldiv.o:
start 0000976b end 00009856 length   235 section .text
start 000006d3 end 00000701 length    46 section .info.

(C:\Program Files\COSMIC\CXSTM8_32K\Lib\libm0.sm8)lgadd.o:
start 00009856 end 0000986d length    23 section .text
start 00000701 end 00000730 length    47 section .info.

(C:\Program Files\COSMIC\CXSTM8_32K\Lib\libm0.sm8)lgneg.o:
start 0000986d end 00009880 length    19 section .text
start 00000730 end 0000075f length    47 section .info.

(C:\Program Files\COSMIC\CXSTM8_32K\Lib\libm0.sm8)lsmod.o:
start 00009880 end 000098a2 length    34 section .text
start 0000075f end 0000078e length    47 section .info.

(C:\Program Files\COSMIC\CXSTM8_32K\Lib\libm0.sm8)lmul.o:
start 000098a2 end 0000992d length   139 section .text
start 0000078e end 000007bc length    46 section .info.

(C:\Program Files\COSMIC\CXSTM8_32K\Lib\libm0.sm8)lneg.o:
start 0000992d end 00009942 length    21 section .text
start 000007bc end 000007ea length    46 section .info.

(C:\Program Files\COSMIC\CXSTM8_32K\Lib\libm0.sm8)lreg.o:
start 0000006e end 00000072 length     4 section .ubsct
start 000007ea end 00000818 length    46 section .info.

(C:\Program Files\COSMIC\CXSTM8_32K\Lib\libm0.sm8)ltof.o:
start 00009942 end 000099a0 length    94 section .text
start 00000818 end 00000846 length    46 section .info.

(C:\Program Files\COSMIC\CXSTM8_32K\Lib\libm0.sm8)ltor.o:
start 000099a0 end 000099b2 length    18 section .text
start 00000846 end 00000874 length    46 section .info.

(C:\Program Files\COSMIC\CXSTM8_32K\Lib\libm0.sm8)rtol.o:
start 000099b2 end 000099c4 length    18 section .text
start 00000874 end 000008a2 length    46 section .info.

(C:\Program Files\COSMIC\CXSTM8_32K\Lib\libm0.sm8)sdivx.o:
start 000099c4 end 000099ef length    43 section .text
start 000008a2 end 000008d1 length    47 section .info.

(C:\Program Files\COSMIC\CXSTM8_32K\Lib\libm0.sm8)utolx.o:
start ******** end ******** length     0 section .text *** removed ***
start 000008d1 end 00000900 length    47 section .info.

(C:\Program Files\COSMIC\CXSTM8_32K\Lib\libm0.sm8)vmul.o:
start 000099ef end 00009a07 length    24 section .text
start 00000900 end 0000092e length    46 section .info.

(C:\Program Files\COSMIC\CXSTM8_32K\Lib\libm0.sm8)umul.o:
start 00009a07 end 00009a43 length    60 section .text
start 0000092e end 0000095c length    46 section .info.

(C:\Program Files\COSMIC\CXSTM8_32K\Lib\libm0.sm8)xreg.o:
start 00000072 end 00000075 length     3 section .ubsct
start 0000095c end 0000098a length    46 section .info.

(C:\Program Files\COSMIC\CXSTM8_32K\Lib\libm0.sm8)xymvx.o:
start 00009a43 end 00009a52 length    15 section .text
start 0000098a end 000009b9 length    47 section .info.

(C:\Program Files\COSMIC\CXSTM8_32K\Lib\libm0.sm8)yreg.o:
start 00000075 end 00000078 length     3 section .ubsct
start 000009b9 end 000009e7 length    46 section .info.

Debug\stm8_interrupt_vector.o:
start 00009a52 end 00009a53 length     1 section .text
start 0000194d end 00001ab8 length   363 section .debug
start 000009e7 end 00000a66 length   127 section .info.
start 00008000 end 00008080 length   128 section .const


                             -----------
                             Stack usage
                             -----------

Debug\main.o:
_ascii2halFhex              5   (3)
_ascii2hex                 16   (11)
_can_in_an                 16   (2)
_can_transmit              12   (12)
_can_tx_hndl                2   (2)
_gran                  >    8   (8)
_gran_char             >    6   (6)
_init_CAN                   2   (2)
_main                  >   62   (22)
_matemath                  13   (7)
_putchar1                   3   (3)
_rx485_in_an               18   (2)
_str2int               >   84   (21)
_t4_init                    2   (2)
_uart1_init                 2   (2)
_uart1_out_adr             40   (37)
f_CAN_RX_Interrupt     >    5   (5)
f_CAN_TX_Interrupt     >    5   (5)
f_TIM4_UPD_Interrupt   >    5   (5)
f_UART1RxInterrupt     >    8   (8)
f_UART1TxInterrupt     >    6   (6)

Debug\stm8_interrupt_vector.o:
f_NonHandledInterrupt  >    5   (5)

C:\Program Files\COSMIC\CXSTM8_32K\Lib\libfs0.sm8:
__addexp                    6   (6)
__poly                 >   11   (11)
__unpack                    4   (4)
__exp                      41   (14)
_exp                   >   47   (6)
__ftrunc                   14   (8)
__fmod                     27   (19)
__ln                       37   (28)
_log                   >   43   (6)
_log10                 >   43   (6)
_pow                       63   (22)

C:\Program Files\COSMIC\CXSTM8_32K\Lib\libis0.sm8:
_isalnum                    2   (2)

Stack size: 92


                              ---------
                              Call tree
                              ---------
   1 > __poly: (11)

   2 > __stext: (0)

   3 > _exp: (6)
   4      + __exp: (14)
   5      |    + __addexp: (6)
   6      |    + __fmod: (19)
   7      |    |    + __addexp --> 5
   8      |    |    + __unpack: (4)
          |    | 
          | 
       
   9 > _gran: (8)

  10 > _gran_char: (6)

  11 > _log: (6)
  12      + __ln: (28)
  13      |    + __unpack --> 8
          | 
       
  14 > _log10: (6)
  15      + __ln --> 12
       
  16 > _main: (22)
  17      + _can_in_an: (2)
  18      |    + _can_transmit: (12)
          | 
  19      + _can_tx_hndl: (2)
  20      + _init_CAN: (2)
  21      + _matemath: (7)
  22      + _rx485_in_an: (2)
  23      |    + _ascii2hex: (11)
  24      |    |    + _ascii2halFhex: (3)
  25      |    |    |    + _isalnum: (2)
          |    |    | 
          |    | 
          | 
  26      + _t4_init: (2)
  27      + _uart1_init: (2)
  28      + _uart1_out_adr: (37)
  29      |    + _putchar1: (3)
          | 
       
  30 > _str2int: (21)
  31      + _isalnum --> 25
  32      + _pow: (22)
  33      |    + __exp --> 4
  34      |    + __ftrunc: (8)
  35      |    + __ln --> 12
          | 
       
  36 > f_CAN_RX_Interrupt: (5)

  37 > f_CAN_TX_Interrupt: (5)

  38 > f_NonHandledInterrupt: (5)

  39 > f_TIM4_UPD_Interrupt: (5)

  40 > f_UART1RxInterrupt: (8)

  41 > f_UART1TxInterrupt: (6)

  42   __addexp --> 5

  43   __exp --> 4

  44   __fmod --> 6

  45   __ftrunc --> 34

  46   __ln --> 12

  47   __unpack --> 8

  48   _ascii2halFhex --> 24

  49   _ascii2hex --> 23

  50   _can_in_an --> 17

  51   _can_transmit --> 18

  52   _can_tx_hndl --> 19

  53   _init_CAN --> 20

  54   _isalnum --> 25

  55   _matemath --> 21

  56   _pow --> 32

  57   _putchar1 --> 29

  58   _rx485_in_an --> 22

  59   _t4_init --> 26

  60   _uart1_init --> 27

  61   _uart1_out_adr --> 28



                               -------
                               Symbols
                               -------

_I                         0000003c   defined in Debug\main.o section .ubsct
_T                         00000035   defined in Debug\main.o section .ubsct
_UART1Buffer               ********   *** removed from Debug\power_cnt_st.o ***
_UART1Count                0000000f   defined in Debug\power_cnt_st.o section .bsct, initialized
_UART1Status               0000043c   defined in Debug\power_cnt_st.o section .bss
_UART1TxEmpty              0000000d   defined in Debug\power_cnt_st.o section .bsct, initialized
_UART1_IRQHandler          ********   *** removed from Debug\power_cnt_st.o ***
_UARTInit                  ********   *** removed from Debug\power_cnt_st.o ***
_Udb                       00000036   defined in Debug\main.o section .ubsct
_Ui                        00000038   defined in Debug\main.o section .ubsct
_Un                        0000003a   defined in Debug\main.o section .ubsct
__addexp                   000090b3   defined in (C:\Program Files\COSMIC\CXSTM8_32K\Lib\libfs0.sm8)cffun0.o section .text
                                      used in (C:\Program Files\COSMIC\CXSTM8_32K\Lib\libfs0.sm8)exp.o
                                              (C:\Program Files\COSMIC\CXSTM8_32K\Lib\libfs0.sm8)ifmod.o
__dtens                    000080fa   defined in (C:\Program Files\COSMIC\CXSTM8_32K\Lib\libfs0.sm8)cfcon.o section .const
                                      *** not used ***
__endmem                   000013ff   defined in command file
                                      *** not used ***
__endzp                    00000078   defined in command file section .ubsct
                                      used in C:\Program Files\COSMIC\CXSTM8_32K\Lib\crtsi0.sm8
__exp                      00008fe1   defined in (C:\Program Files\COSMIC\CXSTM8_32K\Lib\libfs0.sm8)exp.o section .text
                                      used in (C:\Program Files\COSMIC\CXSTM8_32K\Lib\libfs0.sm8)pow.o
__fmod                     0000910f   defined in (C:\Program Files\COSMIC\CXSTM8_32K\Lib\libfs0.sm8)ifmod.o section .text
                                      used in (C:\Program Files\COSMIC\CXSTM8_32K\Lib\libfs0.sm8)exp.o
__ftrunc                   00009218   defined in (C:\Program Files\COSMIC\CXSTM8_32K\Lib\libfs0.sm8)ftrunc.o section .text
                                      used in (C:\Program Files\COSMIC\CXSTM8_32K\Lib\libfs0.sm8)pow.o
__huge                     00008116   defined in (C:\Program Files\COSMIC\CXSTM8_32K\Lib\libfs0.sm8)cfcon.o section .const
                                      used in (C:\Program Files\COSMIC\CXSTM8_32K\Lib\libfs0.sm8)log.o
__idesc__                  0000811c   defined in linker section .init
                                      used in C:\Program Files\COSMIC\CXSTM8_32K\Lib\crtsi0.sm8
__ln                       00009238   defined in (C:\Program Files\COSMIC\CXSTM8_32K\Lib\libfs0.sm8)log.o section .text
                                      used in (C:\Program Files\COSMIC\CXSTM8_32K\Lib\libfs0.sm8)pow.o
__memory                   0000048d   defined in command file section .bss
                                      used in C:\Program Files\COSMIC\CXSTM8_32K\Lib\crtsi0.sm8
__ntens                    0000811a   defined in (C:\Program Files\COSMIC\CXSTM8_32K\Lib\libfs0.sm8)cfcon.o section .const
                                      *** not used ***
__poly                     000090df   defined in (C:\Program Files\COSMIC\CXSTM8_32K\Lib\libfs0.sm8)cffun0.o section .text
                                      *** not used ***
__stack                    000017ff   defined in command file
                                      used in C:\Program Files\COSMIC\CXSTM8_32K\Lib\crtsi0.sm8
__startmem                 0000048d   defined in command file section .bss
                                      *** not used ***
__stext                    000082a5   defined in C:\Program Files\COSMIC\CXSTM8_32K\Lib\crtsi0.sm8 section .text
                                      used in Debug\stm8_interrupt_vector.o
__unpack                   000090f8   defined in (C:\Program Files\COSMIC\CXSTM8_32K\Lib\libfs0.sm8)cffun0.o section .text
                                      used in (C:\Program Files\COSMIC\CXSTM8_32K\Lib\libfs0.sm8)ifmod.o
                                              (C:\Program Files\COSMIC\CXSTM8_32K\Lib\libfs0.sm8)log.o
__vectab                   00008000   defined in Debug\stm8_interrupt_vector.o section .const
_adc_ch                    00000034   defined in Debug\main.o section .ubsct
_adc_cnt                   00000033   defined in Debug\main.o section .ubsct
_adc_plazma                00000027   defined in Debug\main.o section .ubsct
_adc_plazma_short          00000031   defined in Debug\main.o section .ubsct
_adr                       00000378   defined in Debug\main.o section .bss
_adr_drv_stat              0000000a   defined in Debug\main.o section .bsct, initialized
_adress                    00000377   defined in Debug\main.o section .bss
_adress_error              00000376   defined in Debug\main.o section .bss
_ascii2halFhex             000085dd   defined in Debug\main.o section .text
_ascii2hex                 00008620   defined in Debug\main.o section .text
_b100Hz                    000078:6   defined in Debug\main.o section .bit, initialized
_b10Hz                     000078:5   defined in Debug\main.o section .bit, initialized
_b1Hz                      000078:2   defined in Debug\main.o section .bit, initialized
_b2Hz                      000078:3   defined in Debug\main.o section .bit, initialized
_b5Hz                      000078:4   defined in Debug\main.o section .bit, initialized
_bBAT_REQ                  000078:1   defined in Debug\main.o section .bit, initialized
_bCAN_RX                   00000008   defined in Debug\main.o section .bsct, initialized
_bCP                       ********   *** removed from Debug\power_cnt_st.o ***
_bOUT_FREE                 00000042   defined in Debug\main.o section .ubsct
_bRS485ERR                 000078:0   defined in Debug\main.o section .bit, initialized
_bRX485                    0000001b   defined in Debug\main.o section .ubsct
_bSP                       ********   *** removed from Debug\power_cnt_st.o ***
_bTX_FREE                  00000007   defined in Debug\main.o section .bsct, initialized
_bat_mod_dump              0000025e   defined in Debug\main.o section .bss
_can_buff_rd_ptr           00000040   defined in Debug\main.o section .ubsct
_can_buff_wr_ptr           00000041   defined in Debug\main.o section .ubsct
_can_error_cnt             0000003e   defined in Debug\main.o section .ubsct
_can_in_an                 000089a4   defined in Debug\main.o section .text
_can_out_buff              0000037b   defined in Debug\main.o section .bss
_can_transmit              000088af   defined in Debug\main.o section .text
_can_tx_hndl               0000893d   defined in Debug\main.o section .text
_crc8tab                   ********   *** removed from Debug\power_cnt_st.o ***
_cur_pow_102m              ********   *** removed from Debug\power_cnt_st.o ***
_cur_pow_dig               ********   *** removed from Debug\power_cnt_st.o ***
_cur_pow_dig_cnt           ********   *** removed from Debug\power_cnt_st.o ***
_curr_pow_buff             00000442   defined in Debug\power_cnt_st.o section .bss
                                      used in Debug\main.o
_curr_pow_buff_cnt         00000440   defined in Debug\power_cnt_st.o section .bss
                                      used in Debug\main.o
_curr_pow_buff_ptr         00000441   defined in Debug\power_cnt_st.o section .bss
                                      used in Debug\main.o
_curr_pow_buff_ready       0000043f   defined in Debug\power_cnt_st.o section .bss
                                      used in Debug\main.o
_delayCnt                  00000018   defined in Debug\main.o section .ubsct
_exit                      000082ee   defined in C:\Program Files\COSMIC\CXSTM8_32K\Lib\crtsi0.sm8 section .text
_exp                       000090a8   defined in (C:\Program Files\COSMIC\CXSTM8_32K\Lib\libfs0.sm8)exp.o section .text
_gran                      0000830b   defined in Debug\main.o section .text
_gran_char                 000082f0   defined in Debug\main.o section .text
_init_CAN                  00008858   defined in Debug\main.o section .text
_isalnum                   000093b8   defined in (C:\Program Files\COSMIC\CXSTM8_32K\Lib\libis0.sm8)isalnm0.o section .text
                                      used in Debug\main.o
_led_ind                   00000009   defined in Debug\main.o section .bsct, initialized
_led_ind_cnt               00000026   defined in Debug\main.o section .ubsct
_link                      00000025   defined in Debug\main.o section .ubsct
_link_cnt                  00000024   defined in Debug\main.o section .ubsct
_log                       00009390   defined in (C:\Program Files\COSMIC\CXSTM8_32K\Lib\libfs0.sm8)log.o section .text
_log10                     000093a4   defined in (C:\Program Files\COSMIC\CXSTM8_32K\Lib\libfs0.sm8)log.o section .text
_main                      00008cf3   defined in Debug\main.o section .text
                                      used in C:\Program Files\COSMIC\CXSTM8_32K\Lib\crtsi0.sm8
_matemath                  0000832c   defined in Debug\main.o section .text
_mess                      00000060   defined in Debug\main.o section .ubsct
_plazma_int                0000001e   defined in Debug\main.o section .ubsct
_pow                       00008ed0   defined in (C:\Program Files\COSMIC\CXSTM8_32K\Lib\libfs0.sm8)pow.o section .text
                                      used in Debug\main.o
_power_cnt_crc             ********   *** removed from Debug\power_cnt_st.o ***
_power_current             00000016   defined in Debug\power_cnt_st.o section .bsct, initialized
                                      used in Debug\main.o
_power_net_cnt             0000000b   defined in Debug\main.o section .bsct, initialized
_power_summary             00000012   defined in Debug\power_cnt_st.o section .bsct, initialized
                                      used in Debug\main.o
_ppp                       0000043e   defined in Debug\power_cnt_st.o section .bss
_putchar1                  0000854f   defined in Debug\main.o section .text
_rs485_cnt                 0000000c   defined in Debug\main.o section .bsct, initialized
_rs485_out_buff            0000004c   defined in Debug\main.o section .ubsct
_rs485_rx_cnt              0000001c   defined in Debug\main.o section .ubsct
_rx485_in_an               00008763   defined in Debug\main.o section .text
_rx_buffer                 00000132   defined in Debug\main.o section .data, initialized
_rx_counter1               00000047   defined in Debug\main.o section .ubsct
_rx_rd_index1              00000043   defined in Debug\main.o section .ubsct
_rx_read_power_cnt_phase   00000011   defined in Debug\power_cnt_st.o section .bsct, initialized
                                      used in Debug\main.o
_rx_wr_index1              00000045   defined in Debug\main.o section .ubsct
_sleep_an                  ********   *** removed from Debug\power_cnt_st.o ***
_sleep_buff                0000045b   defined in Debug\power_cnt_st.o section .bss
_sleep_coding              ********   *** removed from Debug\power_cnt_st.o ***
_sleep_in                  0000045a   defined in Debug\power_cnt_st.o section .bss
_sleep_len                 00000459   defined in Debug\power_cnt_st.o section .bss
_str2int                   00008660   defined in Debug\main.o section .text
_sum_pow_102m              ********   *** removed from Debug\power_cnt_st.o ***
_sum_pow_dig               ********   *** removed from Debug\power_cnt_st.o ***
_sum_pow_dig_cnt           ********   *** removed from Debug\power_cnt_st.o ***
_t0_cnt0                   00000000   defined in Debug\main.o section .bsct, initialized
_t0_cnt1                   00000001   defined in Debug\main.o section .bsct, initialized
_t0_cnt2                   00000002   defined in Debug\main.o section .bsct, initialized
_t0_cnt3                   00000003   defined in Debug\main.o section .bsct, initialized
_t0_cnt4                   00000004   defined in Debug\main.o section .bsct, initialized
_t4_init                   00008a1a   defined in Debug\main.o section .text
_tot_pow_buff              0000044f   defined in Debug\power_cnt_st.o section .bss
                                      used in Debug\main.o
_tot_pow_buff_cnt          0000044d   defined in Debug\power_cnt_st.o section .bss
                                      used in Debug\main.o
_tot_pow_buff_ptr          0000044e   defined in Debug\power_cnt_st.o section .bss
                                      used in Debug\main.o
_tot_pow_buff_ready        0000044c   defined in Debug\power_cnt_st.o section .bss
                                      used in Debug\main.o
_transmit_cnt_number       0000001a   defined in Debug\main.o section .ubsct
_tx_buffer1                00000100   defined in Debug\main.o section .data, initialized
_tx_busy_cnt               0000003f   defined in Debug\main.o section .ubsct
_tx_counter1               0000004b   defined in Debug\main.o section .ubsct
_tx_rd_index1              00000049   defined in Debug\main.o section .ubsct
_tx_stat                   00000005   defined in Debug\main.o section .bsct, initialized
_tx_stat_cnt               0000043b   defined in Debug\main.o section .bss
_tx_wd_cnt                 00000006   defined in Debug\main.o section .bsct, initialized
_tx_wr_index1              0000004a   defined in Debug\main.o section .ubsct
_uart1_init                00008503   defined in Debug\main.o section .text
_uart1_out_adr             0000858a   defined in Debug\main.o section .text
c_divsl                    0000976b   defined in (C:\Program Files\COSMIC\CXSTM8_32K\Lib\libm0.sm8)ldiv.o section .text
                                      used in (C:\Program Files\COSMIC\CXSTM8_32K\Lib\libm0.sm8)lsdiv.o
                                              (C:\Program Files\COSMIC\CXSTM8_32K\Lib\libm0.sm8)lsmod.o
c_divul                    00009782   defined in (C:\Program Files\COSMIC\CXSTM8_32K\Lib\libm0.sm8)ldiv.o section .text
c_fadd                     000093e6   defined in (C:\Program Files\COSMIC\CXSTM8_32K\Lib\libm0.sm8)fadd.o section .text
                                      used in (C:\Program Files\COSMIC\CXSTM8_32K\Lib\libfs0.sm8)exp.o
                                              (C:\Program Files\COSMIC\CXSTM8_32K\Lib\libfs0.sm8)cffun0.o
                                              (C:\Program Files\COSMIC\CXSTM8_32K\Lib\libfs0.sm8)log.o
                                              (C:\Program Files\COSMIC\CXSTM8_32K\Lib\libm0.sm8)fgadd.o
c_fcmp                     000094af   defined in (C:\Program Files\COSMIC\CXSTM8_32K\Lib\libm0.sm8)fcmp.o section .text
                                      used in (C:\Program Files\COSMIC\CXSTM8_32K\Lib\libfs0.sm8)pow.o
                                              (C:\Program Files\COSMIC\CXSTM8_32K\Lib\libfs0.sm8)exp.o
                                              (C:\Program Files\COSMIC\CXSTM8_32K\Lib\libfs0.sm8)ifmod.o
                                              (C:\Program Files\COSMIC\CXSTM8_32K\Lib\libfs0.sm8)log.o
c_fdiv                     000094e5   defined in (C:\Program Files\COSMIC\CXSTM8_32K\Lib\libm0.sm8)fdiv.o section .text
                                      used in (C:\Program Files\COSMIC\CXSTM8_32K\Lib\libfs0.sm8)pow.o
                                              (C:\Program Files\COSMIC\CXSTM8_32K\Lib\libfs0.sm8)exp.o
                                              (C:\Program Files\COSMIC\CXSTM8_32K\Lib\libfs0.sm8)log.o
c_fgadd                    00009569   defined in (C:\Program Files\COSMIC\CXSTM8_32K\Lib\libm0.sm8)fgadd.o section .text
                                      used in (C:\Program Files\COSMIC\CXSTM8_32K\Lib\libfs0.sm8)log.o
c_fgmul                    00009571   defined in (C:\Program Files\COSMIC\CXSTM8_32K\Lib\libm0.sm8)fgmul.o section .text
                                      used in (C:\Program Files\COSMIC\CXSTM8_32K\Lib\libfs0.sm8)pow.o
                                              (C:\Program Files\COSMIC\CXSTM8_32K\Lib\libfs0.sm8)log.o
c_fgneg                    00009579   defined in (C:\Program Files\COSMIC\CXSTM8_32K\Lib\libm0.sm8)fgneg.o section .text
                                      used in (C:\Program Files\COSMIC\CXSTM8_32K\Lib\libfs0.sm8)pow.o
                                              (C:\Program Files\COSMIC\CXSTM8_32K\Lib\libfs0.sm8)ifmod.o
c_fgsub                    00009584   defined in (C:\Program Files\COSMIC\CXSTM8_32K\Lib\libm0.sm8)fgsub.o section .text
                                      used in (C:\Program Files\COSMIC\CXSTM8_32K\Lib\libfs0.sm8)ifmod.o
                                              (C:\Program Files\COSMIC\CXSTM8_32K\Lib\libfs0.sm8)log.o
c_fmul                     0000958f   defined in (C:\Program Files\COSMIC\CXSTM8_32K\Lib\libm0.sm8)fmul.o section .text
                                      used in (C:\Program Files\COSMIC\CXSTM8_32K\Lib\libfs0.sm8)exp.o
                                              (C:\Program Files\COSMIC\CXSTM8_32K\Lib\libfs0.sm8)cffun0.o
                                              (C:\Program Files\COSMIC\CXSTM8_32K\Lib\libfs0.sm8)log.o
                                              (C:\Program Files\COSMIC\CXSTM8_32K\Lib\libm0.sm8)fgmul.o
c_fneg                     00009664   defined in (C:\Program Files\COSMIC\CXSTM8_32K\Lib\libm0.sm8)fneg.o section .text
                                      used in (C:\Program Files\COSMIC\CXSTM8_32K\Lib\libfs0.sm8)pow.o
                                              (C:\Program Files\COSMIC\CXSTM8_32K\Lib\libfs0.sm8)log.o
                                              (C:\Program Files\COSMIC\CXSTM8_32K\Lib\libm0.sm8)fgsub.o
c_fsub                     000093d2   defined in (C:\Program Files\COSMIC\CXSTM8_32K\Lib\libm0.sm8)fadd.o section .text
                                      used in (C:\Program Files\COSMIC\CXSTM8_32K\Lib\libfs0.sm8)exp.o
                                              (C:\Program Files\COSMIC\CXSTM8_32K\Lib\libfs0.sm8)log.o
                                              (C:\Program Files\COSMIC\CXSTM8_32K\Lib\libm0.sm8)fgsub.o
c_ftoi                     0000966f   defined in (C:\Program Files\COSMIC\CXSTM8_32K\Lib\libm0.sm8)ftol.o section .text
                                      used in Debug\main.o
c_ftol                     00009675   defined in (C:\Program Files\COSMIC\CXSTM8_32K\Lib\libm0.sm8)ftol.o section .text
                                      used in (C:\Program Files\COSMIC\CXSTM8_32K\Lib\libfs0.sm8)ftrunc.o
c_idiv                     000096d1   defined in (C:\Program Files\COSMIC\CXSTM8_32K\Lib\libm0.sm8)idiv.o section .text
                                      used in Debug\main.o
c_imul                     000096ef   defined in (C:\Program Files\COSMIC\CXSTM8_32K\Lib\libm0.sm8)imul.o section .text
                                      used in Debug\main.o Debug\power_cnt_st.o
c_itof                     00009710   defined in (C:\Program Files\COSMIC\CXSTM8_32K\Lib\libm0.sm8)itof.o section .text
                                      used in Debug\main.o
                                              (C:\Program Files\COSMIC\CXSTM8_32K\Lib\libfs0.sm8)log.o
c_itolx                    0000973e   defined in (C:\Program Files\COSMIC\CXSTM8_32K\Lib\libm0.sm8)itolx.o section .text
                                      used in Debug\main.o
c_ldiv                     0000974c   defined in (C:\Program Files\COSMIC\CXSTM8_32K\Lib\libm0.sm8)lsdiv.o section .text
                                      used in Debug\main.o
c_lgadd                    00009856   defined in (C:\Program Files\COSMIC\CXSTM8_32K\Lib\libm0.sm8)lgadd.o section .text
                                      used in Debug\main.o
c_lgneg                    0000986d   defined in (C:\Program Files\COSMIC\CXSTM8_32K\Lib\libm0.sm8)lgneg.o section .text
                                      used in (C:\Program Files\COSMIC\CXSTM8_32K\Lib\libm0.sm8)ldiv.o
c_lmod                     00009880   defined in (C:\Program Files\COSMIC\CXSTM8_32K\Lib\libm0.sm8)lsmod.o section .text
                                      used in Debug\main.o
c_lmul                     000098a2   defined in (C:\Program Files\COSMIC\CXSTM8_32K\Lib\libm0.sm8)lmul.o section .text
                                      used in Debug\main.o
c_lmulc                    000098aa   defined in (C:\Program Files\COSMIC\CXSTM8_32K\Lib\libm0.sm8)lmul.o section .text
                                      *** not used ***
c_lneg                     0000992d   defined in (C:\Program Files\COSMIC\CXSTM8_32K\Lib\libm0.sm8)lneg.o section .text
                                      used in (C:\Program Files\COSMIC\CXSTM8_32K\Lib\libm0.sm8)lsdiv.o
                                              (C:\Program Files\COSMIC\CXSTM8_32K\Lib\libm0.sm8)ldiv.o
                                              (C:\Program Files\COSMIC\CXSTM8_32K\Lib\libm0.sm8)lsmod.o
c_lreg                     0000006e   defined in (C:\Program Files\COSMIC\CXSTM8_32K\Lib\libm0.sm8)lreg.o section .ubsct
                                      used in Debug\main.o
                                              (C:\Program Files\COSMIC\CXSTM8_32K\Lib\libfs0.sm8)exp.o
                                              (C:\Program Files\COSMIC\CXSTM8_32K\Lib\libfs0.sm8)cffun0.o
                                              (C:\Program Files\COSMIC\CXSTM8_32K\Lib\libfs0.sm8)ifmod.o
                                              (C:\Program Files\COSMIC\CXSTM8_32K\Lib\libm0.sm8)fadd.o
                                              (C:\Program Files\COSMIC\CXSTM8_32K\Lib\libm0.sm8)fcmp.o
                                              (C:\Program Files\COSMIC\CXSTM8_32K\Lib\libm0.sm8)fdiv.o
                                              (C:\Program Files\COSMIC\CXSTM8_32K\Lib\libm0.sm8)fmul.o
                                              (C:\Program Files\COSMIC\CXSTM8_32K\Lib\libm0.sm8)fneg.o
                                              (C:\Program Files\COSMIC\CXSTM8_32K\Lib\libm0.sm8)ftol.o
                                              (C:\Program Files\COSMIC\CXSTM8_32K\Lib\libm0.sm8)itof.o
                                              (C:\Program Files\COSMIC\CXSTM8_32K\Lib\libm0.sm8)itolx.o
                                              (C:\Program Files\COSMIC\CXSTM8_32K\Lib\libm0.sm8)ldiv.o
                                              (C:\Program Files\COSMIC\CXSTM8_32K\Lib\libm0.sm8)lgadd.o
                                              (C:\Program Files\COSMIC\CXSTM8_32K\Lib\libm0.sm8)lsmod.o
                                              (C:\Program Files\COSMIC\CXSTM8_32K\Lib\libm0.sm8)lmul.o
                                              (C:\Program Files\COSMIC\CXSTM8_32K\Lib\libm0.sm8)lneg.o
                                              (C:\Program Files\COSMIC\CXSTM8_32K\Lib\libm0.sm8)ltof.o
                                              (C:\Program Files\COSMIC\CXSTM8_32K\Lib\libm0.sm8)ltor.o
                                              (C:\Program Files\COSMIC\CXSTM8_32K\Lib\libm0.sm8)rtol.o
                                              (C:\Program Files\COSMIC\CXSTM8_32K\Lib\libm0.sm8)utolx.o
                                              (C:\Program Files\COSMIC\CXSTM8_32K\Lib\libm0.sm8)vmul.o
                                              (C:\Program Files\COSMIC\CXSTM8_32K\Lib\libm0.sm8)umul.o
c_ltof                     00009942   defined in (C:\Program Files\COSMIC\CXSTM8_32K\Lib\libm0.sm8)ltof.o section .text
                                      used in (C:\Program Files\COSMIC\CXSTM8_32K\Lib\libfs0.sm8)ftrunc.o
c_ltor                     000099a0   defined in (C:\Program Files\COSMIC\CXSTM8_32K\Lib\libm0.sm8)ltor.o section .text
                                      used in Debug\main.o
                                              (C:\Program Files\COSMIC\CXSTM8_32K\Lib\libfs0.sm8)pow.o
                                              (C:\Program Files\COSMIC\CXSTM8_32K\Lib\libfs0.sm8)exp.o
                                              (C:\Program Files\COSMIC\CXSTM8_32K\Lib\libfs0.sm8)cffun0.o
                                              (C:\Program Files\COSMIC\CXSTM8_32K\Lib\libfs0.sm8)ifmod.o
                                              (C:\Program Files\COSMIC\CXSTM8_32K\Lib\libfs0.sm8)ftrunc.o
                                              (C:\Program Files\COSMIC\CXSTM8_32K\Lib\libfs0.sm8)log.o
c_okadd                    000093f0   defined in (C:\Program Files\COSMIC\CXSTM8_32K\Lib\libm0.sm8)fadd.o section .text
c_okdiv                    000094f5   defined in (C:\Program Files\COSMIC\CXSTM8_32K\Lib\libm0.sm8)fdiv.o section .text
                                      *** not used ***
c_okmul                    0000959d   defined in (C:\Program Files\COSMIC\CXSTM8_32K\Lib\libm0.sm8)fmul.o section .text
                                      *** not used ***
c_oksub                    000093dc   defined in (C:\Program Files\COSMIC\CXSTM8_32K\Lib\libm0.sm8)fadd.o section .text
                                      *** not used ***
c_rtol                     000099b2   defined in (C:\Program Files\COSMIC\CXSTM8_32K\Lib\libm0.sm8)rtol.o section .text
                                      used in Debug\power_cnt_st.o
                                              (C:\Program Files\COSMIC\CXSTM8_32K\Lib\libfs0.sm8)pow.o
                                              (C:\Program Files\COSMIC\CXSTM8_32K\Lib\libfs0.sm8)exp.o
                                              (C:\Program Files\COSMIC\CXSTM8_32K\Lib\libfs0.sm8)ifmod.o
                                              (C:\Program Files\COSMIC\CXSTM8_32K\Lib\libfs0.sm8)ftrunc.o
                                              (C:\Program Files\COSMIC\CXSTM8_32K\Lib\libfs0.sm8)log.o
                                              (C:\Program Files\COSMIC\CXSTM8_32K\Lib\libm0.sm8)fgadd.o
                                              (C:\Program Files\COSMIC\CXSTM8_32K\Lib\libm0.sm8)fgmul.o
                                              (C:\Program Files\COSMIC\CXSTM8_32K\Lib\libm0.sm8)fgsub.o
c_sdivx                    000099ca   defined in (C:\Program Files\COSMIC\CXSTM8_32K\Lib\libm0.sm8)sdivx.o section .text
                                      used in Debug\main.o
c_smodx                    000099c4   defined in (C:\Program Files\COSMIC\CXSTM8_32K\Lib\libm0.sm8)sdivx.o section .text
                                      *** not used ***
c_uitolx                   ********   *** removed from (C:\Program Files\COSMIC\CXSTM8_32K\Lib\libm0.sm8)utolx.o ***
c_umul                     00009a07   defined in (C:\Program Files\COSMIC\CXSTM8_32K\Lib\libm0.sm8)umul.o section .text
                                      used in (C:\Program Files\COSMIC\CXSTM8_32K\Lib\libm0.sm8)vmul.o
c_vmul                     000099ef   defined in (C:\Program Files\COSMIC\CXSTM8_32K\Lib\libm0.sm8)vmul.o section .text
                                      used in Debug\main.o
c_x                        00000072   defined in (C:\Program Files\COSMIC\CXSTM8_32K\Lib\libm0.sm8)xreg.o section .ubsct
                                      used in C:\Program Files\COSMIC\CXSTM8_32K\Lib\crtsi0.sm8
                                              Debug\main.o
                                              (C:\Program Files\COSMIC\CXSTM8_32K\Lib\libfs0.sm8)cffun0.o
                                              (C:\Program Files\COSMIC\CXSTM8_32K\Lib\libm0.sm8)fadd.o
                                              (C:\Program Files\COSMIC\CXSTM8_32K\Lib\libm0.sm8)fcmp.o
                                              (C:\Program Files\COSMIC\CXSTM8_32K\Lib\libm0.sm8)fdiv.o
                                              (C:\Program Files\COSMIC\CXSTM8_32K\Lib\libm0.sm8)fmul.o
                                              (C:\Program Files\COSMIC\CXSTM8_32K\Lib\libm0.sm8)imul.o
                                              (C:\Program Files\COSMIC\CXSTM8_32K\Lib\libm0.sm8)lsdiv.o
                                              (C:\Program Files\COSMIC\CXSTM8_32K\Lib\libm0.sm8)ldiv.o
                                              (C:\Program Files\COSMIC\CXSTM8_32K\Lib\libm0.sm8)lsmod.o
                                              (C:\Program Files\COSMIC\CXSTM8_32K\Lib\libm0.sm8)lmul.o
                                              (C:\Program Files\COSMIC\CXSTM8_32K\Lib\libm0.sm8)sdivx.o
                                              (C:\Program Files\COSMIC\CXSTM8_32K\Lib\libm0.sm8)vmul.o
                                              (C:\Program Files\COSMIC\CXSTM8_32K\Lib\libm0.sm8)umul.o
                                              (C:\Program Files\COSMIC\CXSTM8_32K\Lib\libm0.sm8)xymvx.o
c_xymvx                    00009a43   defined in (C:\Program Files\COSMIC\CXSTM8_32K\Lib\libm0.sm8)xymvx.o section .text
                                      used in Debug\main.o
c_y                        00000075   defined in (C:\Program Files\COSMIC\CXSTM8_32K\Lib\libm0.sm8)yreg.o section .ubsct
                                      used in C:\Program Files\COSMIC\CXSTM8_32K\Lib\crtsi0.sm8
                                              Debug\power_cnt_st.o
                                              (C:\Program Files\COSMIC\CXSTM8_32K\Lib\libm0.sm8)vmul.o
                                              (C:\Program Files\COSMIC\CXSTM8_32K\Lib\libm0.sm8)umul.o
f_CAN_RX_Interrupt         00008a93   defined in Debug\main.o section .text
                                      used in Debug\stm8_interrupt_vector.o
f_CAN_TX_Interrupt         00008aab   defined in Debug\main.o section .text
                                      used in Debug\stm8_interrupt_vector.o
f_NonHandledInterrupt      00009a52   defined in Debug\stm8_interrupt_vector.o section .text
f_TIM4_UPD_Interrupt       00008a2b   defined in Debug\main.o section .text
                                      used in Debug\stm8_interrupt_vector.o
f_UART1RxInterrupt         00008b02   defined in Debug\main.o section .text
                                      used in Debug\stm8_interrupt_vector.o
f_UART1TxInterrupt         00008abb   defined in Debug\main.o section .text
                                      used in Debug\stm8_interrupt_vector.o
