
Map of Debug\fat52.sm8 from link file Debug\fat52.lkf - Tue Sep 22 15:29:19 2015


                               --------
                               Segments
                               --------

start 00008080 end 0000810c length   140 segment .const
start 00008289 end 00009622 length  5017 segment .text
start 00004000 end 00004000 length     0 segment .eeprom
start 00000000 end 0000000c length    12 segment .bsct, initialized
start 0000811e end 0000812a length    12 segment .bsct, from
start 0000000c end 0000006a length    94 segment .ubsct
start 00006a:0 end 00006a:7 length     7 segment .bit, initialized
start 0000812a end 0000812b length     1 segment .bit, from
start 0000006b end 0000006b length     0 segment .share
start 00000100 end 0000025e length   350 segment .data, initialized
start 0000812b end 00008289 length   350 segment .data, from
start 0000025e end 00000590 length   818 segment .bss
start 00000000 end 000007f6 length  2038 segment .info.
start 00000000 end 00001218 length  4632 segment .debug
start 00008000 end 00008080 length   128 segment .const
start 0000810c end 0000811e length    18 segment .init


                               -------
                               Modules
                               -------

C:\Program Files\COSMIC\CXSTM8_32K\Lib\crtsi0.sm8:
start 00008289 end 000082d4 length    75 section .text
start 0000025e end 0000025e length     0 section .bss
start 0000000c end 0000000c length     0 section .ubsct
start 00000000 end 0000002f length    47 section .info.

Debug\main.o:
start 000082d4 end 00008d15 length  2625 section .text
start 00000100 end 0000025e length   350 section .data
start 0000025e end 00000590 length   818 section .bss
start 00000000 end 0000000c length    12 section .bsct
start 0000000c end 00000060 length    84 section .ubsct
start 00000000 end 000010ad length  4269 section .debug
start 0000002f end 0000009d length   110 section .info.
start 00008080 end 0000808e length    14 section .const
start 00006a:0 end 00006a:7 length     7 section .bit

(C:\Program Files\COSMIC\CXSTM8_32K\Lib\libfs0.sm8)pow.o:
start 00008d15 end 00008e26 length   273 section .text
start 0000009d end 0000010e length   113 section .info.
start 0000808e end 0000809e length    16 section .const

(C:\Program Files\COSMIC\CXSTM8_32K\Lib\libfs0.sm8)exp.o:
start 00008e26 end 00008ef8 length   210 section .text
start 0000010e end 0000017f length   113 section .info.
start 0000809e end 000080be length    32 section .const

(C:\Program Files\COSMIC\CXSTM8_32K\Lib\libfs0.sm8)cffun0.o:
start 00008ef8 end 00008f54 length    92 section .text
start 0000017f end 000001ac length    45 section .info.

(C:\Program Files\COSMIC\CXSTM8_32K\Lib\libfs0.sm8)ifmod.o:
start 00008f54 end 0000905d length   265 section .text
start 000001ac end 0000021f length   115 section .info.

(C:\Program Files\COSMIC\CXSTM8_32K\Lib\libfs0.sm8)ftrunc.o:
start 0000905d end 0000907d length    32 section .text
start 0000021f end 00000293 length   116 section .info.

(C:\Program Files\COSMIC\CXSTM8_32K\Lib\libfs0.sm8)log.o:
start 0000907d end 000091fd length   384 section .text
start 00000293 end 00000304 length   113 section .info.
start 000080be end 000080ea length    44 section .const

(C:\Program Files\COSMIC\CXSTM8_32K\Lib\libfs0.sm8)cfcon.o:
start 00000304 end 00000377 length   115 section .info.
start 000080ea end 0000810c length    34 section .const

(C:\Program Files\COSMIC\CXSTM8_32K\Lib\libis0.sm8)isalnm0.o:
start 000091fd end 00009217 length    26 section .text
start 00000377 end 000003a5 length    46 section .info.

(C:\Program Files\COSMIC\CXSTM8_32K\Lib\libm0.sm8)fadd.o:
start 00009217 end 000092f4 length   221 section .text
start 000003a5 end 000003d3 length    46 section .info.

(C:\Program Files\COSMIC\CXSTM8_32K\Lib\libm0.sm8)fcmp.o:
start 000092f4 end 0000932a length    54 section .text
start 000003d3 end 00000401 length    46 section .info.

(C:\Program Files\COSMIC\CXSTM8_32K\Lib\libm0.sm8)fdiv.o:
start 0000932a end 000093ae length   132 section .text
start 00000401 end 0000042f length    46 section .info.

(C:\Program Files\COSMIC\CXSTM8_32K\Lib\libm0.sm8)fgadd.o:
start 000093ae end 000093b6 length     8 section .text
start 0000042f end 0000045e length    47 section .info.

(C:\Program Files\COSMIC\CXSTM8_32K\Lib\libm0.sm8)fgmul.o:
start 000093b6 end 000093be length     8 section .text
start 0000045e end 0000048d length    47 section .info.

(C:\Program Files\COSMIC\CXSTM8_32K\Lib\libm0.sm8)fgneg.o:
start 000093be end 000093c9 length    11 section .text
start 0000048d end 000004bc length    47 section .info.

(C:\Program Files\COSMIC\CXSTM8_32K\Lib\libm0.sm8)fgsub.o:
start 000093c9 end 000093d4 length    11 section .text
start 000004bc end 000004eb length    47 section .info.

(C:\Program Files\COSMIC\CXSTM8_32K\Lib\libm0.sm8)fmul.o:
start 000093d4 end 000094a9 length   213 section .text
start 000004eb end 00000519 length    46 section .info.

(C:\Program Files\COSMIC\CXSTM8_32K\Lib\libm0.sm8)fneg.o:
start 000094a9 end 000094b4 length    11 section .text
start 00000519 end 00000547 length    46 section .info.

(C:\Program Files\COSMIC\CXSTM8_32K\Lib\libm0.sm8)ftol.o:
start 000094b4 end 00009516 length    98 section .text
start 00000547 end 00000575 length    46 section .info.

(C:\Program Files\COSMIC\CXSTM8_32K\Lib\libm0.sm8)imul.o:
start 00009516 end 00009537 length    33 section .text
start 00000575 end 000005a3 length    46 section .info.

(C:\Program Files\COSMIC\CXSTM8_32K\Lib\libm0.sm8)itof.o:
start 00009537 end 00009565 length    46 section .text
start 000005a3 end 000005d1 length    46 section .info.

(C:\Program Files\COSMIC\CXSTM8_32K\Lib\libm0.sm8)lreg.o:
start 00000060 end 00000064 length     4 section .ubsct
start 000005d1 end 000005ff length    46 section .info.

(C:\Program Files\COSMIC\CXSTM8_32K\Lib\libm0.sm8)ltof.o:
start 00009565 end 000095c3 length    94 section .text
start 000005ff end 0000062d length    46 section .info.

(C:\Program Files\COSMIC\CXSTM8_32K\Lib\libm0.sm8)ltor.o:
start 000095c3 end 000095d5 length    18 section .text
start 0000062d end 0000065b length    46 section .info.

(C:\Program Files\COSMIC\CXSTM8_32K\Lib\libm0.sm8)rtol.o:
start 000095d5 end 000095e7 length    18 section .text
start 0000065b end 00000689 length    46 section .info.

(C:\Program Files\COSMIC\CXSTM8_32K\Lib\libm0.sm8)sdivx.o:
start 000095e7 end 00009612 length    43 section .text
start 00000689 end 000006b8 length    47 section .info.

(C:\Program Files\COSMIC\CXSTM8_32K\Lib\libm0.sm8)xreg.o:
start 00000064 end 00000067 length     3 section .ubsct
start 000006b8 end 000006e6 length    46 section .info.

(C:\Program Files\COSMIC\CXSTM8_32K\Lib\libm0.sm8)xymvx.o:
start 00009612 end 00009621 length    15 section .text
start 000006e6 end 00000715 length    47 section .info.

(C:\Program Files\COSMIC\CXSTM8_32K\Lib\libm0.sm8)yreg.o:
start 00000067 end 0000006a length     3 section .ubsct
start 00000715 end 00000743 length    46 section .info.

Debug\stm8_interrupt_vector.o:
start 00009621 end 00009622 length     1 section .text
start 000010ad end 00001218 length   363 section .debug
start 00000743 end 000007c2 length   127 section .info.
start 00008000 end 00008080 length   128 section .const


                             -----------
                             Stack usage
                             -----------

Debug\main.o:
_ascii2halFhex              5   (3)
_ascii2hex                 16   (11)
_can_in_an                 15   (3)
_can_transmit              12   (12)
_can_tx_hndl                2   (2)
_gran                  >    8   (8)
_gran_char             >    6   (6)
_init_CAN                   2   (2)
_main                  >   42   (2)
_putchar1                   3   (3)
_rx485_in_an               18   (2)
_str2int               >   84   (21)
_t4_init                    2   (2)
_uart1_init                 2   (2)
_uart1_out_adr             40   (37)
f_CAN_RX_Interrupt     >    5   (5)
f_CAN_TX_Interrupt     >    5   (5)
f_TIM4_UPD_Interrupt   >    5   (5)
f_UART1RxInterrupt     >    8   (8)
f_UART1TxInterrupt     >    6   (6)

Debug\stm8_interrupt_vector.o:
f_NonHandledInterrupt  >    5   (5)

C:\Program Files\COSMIC\CXSTM8_32K\Lib\libfs0.sm8:
__addexp                    6   (6)
__poly                 >   11   (11)
__unpack                    4   (4)
__exp                      41   (14)
_exp                   >   47   (6)
__ftrunc                   14   (8)
__fmod                     27   (19)
__ln                       37   (28)
_log                   >   43   (6)
_log10                 >   43   (6)
_pow                       63   (22)

C:\Program Files\COSMIC\CXSTM8_32K\Lib\libis0.sm8:
_isalnum                    2   (2)

Stack size: 92


                              ---------
                              Call tree
                              ---------
   1 > __poly: (11)

   2 > __stext: (0)

   3 > _exp: (6)
   4      + __exp: (14)
   5      |    + __addexp: (6)
   6      |    + __fmod: (19)
   7      |    |    + __addexp --> 5
   8      |    |    + __unpack: (4)
          |    | 
          | 
       
   9 > _gran: (8)

  10 > _gran_char: (6)

  11 > _log: (6)
  12      + __ln: (28)
  13      |    + __unpack --> 8
          | 
       
  14 > _log10: (6)
  15      + __ln --> 12
       
  16 > _main: (2)
  17      + _can_in_an: (3)
  18      |    + _ascii2halFhex: (3)
  19      |    |    + _isalnum: (2)
          |    | 
  20      |    + _can_transmit: (12)
          | 
  21      + _can_tx_hndl: (2)
  22      + _init_CAN: (2)
  23      + _rx485_in_an: (2)
  24      |    + _ascii2hex: (11)
  25      |    |    + _ascii2halFhex --> 18
          |    | 
          | 
  26      + _t4_init: (2)
  27      + _uart1_init: (2)
  28      + _uart1_out_adr: (37)
  29      |    + _putchar1: (3)
          | 
       
  30 > _str2int: (21)
  31      + _isalnum --> 19
  32      + _pow: (22)
  33      |    + __exp --> 4
  34      |    + __ftrunc: (8)
  35      |    + __ln --> 12
          | 
       
  36 > f_CAN_RX_Interrupt: (5)

  37 > f_CAN_TX_Interrupt: (5)

  38 > f_NonHandledInterrupt: (5)

  39 > f_TIM4_UPD_Interrupt: (5)

  40 > f_UART1RxInterrupt: (8)

  41 > f_UART1TxInterrupt: (6)

  42   __addexp --> 5

  43   __exp --> 4

  44   __fmod --> 6

  45   __ftrunc --> 34

  46   __ln --> 12

  47   __unpack --> 8

  48   _ascii2halFhex --> 18

  49   _ascii2hex --> 24

  50   _can_in_an --> 17

  51   _can_transmit --> 20

  52   _can_tx_hndl --> 21

  53   _init_CAN --> 22

  54   _isalnum --> 19

  55   _pow --> 32

  56   _putchar1 --> 29

  57   _rx485_in_an --> 23

  58   _t4_init --> 26

  59   _uart1_init --> 27

  60   _uart1_out_adr --> 28



                               -------
                               Symbols
                               -------

_I                      0000002e   defined in Debug\main.o section .ubsct
_T                      00000027   defined in Debug\main.o section .ubsct
_Udb                    00000028   defined in Debug\main.o section .ubsct
_Ui                     0000002a   defined in Debug\main.o section .ubsct
_Un                     0000002c   defined in Debug\main.o section .ubsct
__addexp                00008ef8   defined in (C:\Program Files\COSMIC\CXSTM8_32K\Lib\libfs0.sm8)cffun0.o section .text
                                   used in (C:\Program Files\COSMIC\CXSTM8_32K\Lib\libfs0.sm8)exp.o
                                           (C:\Program Files\COSMIC\CXSTM8_32K\Lib\libfs0.sm8)ifmod.o
__dtens                 000080ea   defined in (C:\Program Files\COSMIC\CXSTM8_32K\Lib\libfs0.sm8)cfcon.o section .const
                                   *** not used ***
__endmem                000013ff   defined in command file
                                   *** not used ***
__endzp                 0000006a   defined in command file section .ubsct
                                   used in C:\Program Files\COSMIC\CXSTM8_32K\Lib\crtsi0.sm8
__exp                   00008e26   defined in (C:\Program Files\COSMIC\CXSTM8_32K\Lib\libfs0.sm8)exp.o section .text
                                   used in (C:\Program Files\COSMIC\CXSTM8_32K\Lib\libfs0.sm8)pow.o
__fmod                  00008f54   defined in (C:\Program Files\COSMIC\CXSTM8_32K\Lib\libfs0.sm8)ifmod.o section .text
                                   used in (C:\Program Files\COSMIC\CXSTM8_32K\Lib\libfs0.sm8)exp.o
__ftrunc                0000905d   defined in (C:\Program Files\COSMIC\CXSTM8_32K\Lib\libfs0.sm8)ftrunc.o section .text
                                   used in (C:\Program Files\COSMIC\CXSTM8_32K\Lib\libfs0.sm8)pow.o
__huge                  00008106   defined in (C:\Program Files\COSMIC\CXSTM8_32K\Lib\libfs0.sm8)cfcon.o section .const
                                   used in (C:\Program Files\COSMIC\CXSTM8_32K\Lib\libfs0.sm8)log.o
__idesc__               0000810c   defined in linker section .init
                                   used in C:\Program Files\COSMIC\CXSTM8_32K\Lib\crtsi0.sm8
__ln                    0000907d   defined in (C:\Program Files\COSMIC\CXSTM8_32K\Lib\libfs0.sm8)log.o section .text
                                   used in (C:\Program Files\COSMIC\CXSTM8_32K\Lib\libfs0.sm8)pow.o
__memory                00000590   defined in command file section .bss
                                   used in C:\Program Files\COSMIC\CXSTM8_32K\Lib\crtsi0.sm8
__ntens                 0000810a   defined in (C:\Program Files\COSMIC\CXSTM8_32K\Lib\libfs0.sm8)cfcon.o section .const
                                   *** not used ***
__poly                  00008f24   defined in (C:\Program Files\COSMIC\CXSTM8_32K\Lib\libfs0.sm8)cffun0.o section .text
                                   *** not used ***
__stack                 000017ff   defined in command file
                                   used in C:\Program Files\COSMIC\CXSTM8_32K\Lib\crtsi0.sm8
__startmem              00000590   defined in command file section .bss
                                   *** not used ***
__stext                 00008289   defined in C:\Program Files\COSMIC\CXSTM8_32K\Lib\crtsi0.sm8 section .text
                                   used in Debug\stm8_interrupt_vector.o
__unpack                00008f3d   defined in (C:\Program Files\COSMIC\CXSTM8_32K\Lib\libfs0.sm8)cffun0.o section .text
                                   used in (C:\Program Files\COSMIC\CXSTM8_32K\Lib\libfs0.sm8)ifmod.o
                                           (C:\Program Files\COSMIC\CXSTM8_32K\Lib\libfs0.sm8)log.o
__vectab                00008000   defined in Debug\stm8_interrupt_vector.o section .const
_adc_buff               0000038f   defined in Debug\main.o section .bss
_adc_buff_              0000037b   defined in Debug\main.o section .bss
_adc_ch                 00000026   defined in Debug\main.o section .ubsct
_adc_cnt                00000025   defined in Debug\main.o section .ubsct
_adc_plazma             00000019   defined in Debug\main.o section .ubsct
_adc_plazma_short       00000023   defined in Debug\main.o section .ubsct
_adr                    00000378   defined in Debug\main.o section .bss
_adr_drv_stat           0000000a   defined in Debug\main.o section .bsct, initialized
_adress                 00000377   defined in Debug\main.o section .bss
_adress_error           00000376   defined in Debug\main.o section .bss
_ascii2halFhex          000083ea   defined in Debug\main.o section .text
_ascii2hex              0000842d   defined in Debug\main.o section .text
_b100Hz                 00006a:6   defined in Debug\main.o section .bit, initialized
_b10Hz                  00006a:5   defined in Debug\main.o section .bit, initialized
_b1Hz                   00006a:2   defined in Debug\main.o section .bit, initialized
_b2Hz                   00006a:3   defined in Debug\main.o section .bit, initialized
_b5Hz                   00006a:4   defined in Debug\main.o section .bit, initialized
_bBAT_REQ               00006a:1   defined in Debug\main.o section .bit, initialized
_bCAN_RX                00000008   defined in Debug\main.o section .bsct, initialized
_bOUT_FREE              00000034   defined in Debug\main.o section .ubsct
_bRS485ERR              00006a:0   defined in Debug\main.o section .bit, initialized
_bRX485                 0000000d   defined in Debug\main.o section .ubsct
_bTX_FREE               00000007   defined in Debug\main.o section .bsct, initialized
_bat_mod_dump           0000025e   defined in Debug\main.o section .bss
_can_buff_rd_ptr        00000032   defined in Debug\main.o section .ubsct
_can_buff_wr_ptr        00000033   defined in Debug\main.o section .ubsct
_can_error_cnt          00000030   defined in Debug\main.o section .ubsct
_can_in_an              000087b1   defined in Debug\main.o section .text
_can_out_buff           000004cf   defined in Debug\main.o section .bss
_can_transmit           000086bc   defined in Debug\main.o section .text
_can_tx_hndl            0000874a   defined in Debug\main.o section .text
_exit                   000082d2   defined in C:\Program Files\COSMIC\CXSTM8_32K\Lib\crtsi0.sm8 section .text
_exp                    00008eed   defined in (C:\Program Files\COSMIC\CXSTM8_32K\Lib\libfs0.sm8)exp.o section .text
_gran                   000082ef   defined in Debug\main.o section .text
_gran_char              000082d4   defined in Debug\main.o section .text
_init_CAN               00008665   defined in Debug\main.o section .text
_isalnum                000091fd   defined in (C:\Program Files\COSMIC\CXSTM8_32K\Lib\libis0.sm8)isalnm0.o section .text
                                   used in Debug\main.o
_led_ind                00000009   defined in Debug\main.o section .bsct, initialized
_led_ind_cnt            00000018   defined in Debug\main.o section .ubsct
_link                   00000017   defined in Debug\main.o section .ubsct
_link_cnt               00000016   defined in Debug\main.o section .ubsct
_log                    000091d5   defined in (C:\Program Files\COSMIC\CXSTM8_32K\Lib\libfs0.sm8)log.o section .text
_log10                  000091e9   defined in (C:\Program Files\COSMIC\CXSTM8_32K\Lib\libfs0.sm8)log.o section .text
_main                   00008b8d   defined in Debug\main.o section .text
                                   used in C:\Program Files\COSMIC\CXSTM8_32K\Lib\crtsi0.sm8
_mess                   00000052   defined in Debug\main.o section .ubsct
_plazma_int             00000010   defined in Debug\main.o section .ubsct
_pow                    00008d15   defined in (C:\Program Files\COSMIC\CXSTM8_32K\Lib\libfs0.sm8)pow.o section .text
                                   used in Debug\main.o
_putchar1               0000835c   defined in Debug\main.o section .text
_rs485_cnt              0000000b   defined in Debug\main.o section .bsct, initialized
_rs485_out_buff         0000003e   defined in Debug\main.o section .ubsct
_rs485_rx_cnt           0000000e   defined in Debug\main.o section .ubsct
_rx485_in_an            00008570   defined in Debug\main.o section .text
_rx_buffer              00000132   defined in Debug\main.o section .data, initialized
_rx_counter1            00000039   defined in Debug\main.o section .ubsct
_rx_rd_index1           00000035   defined in Debug\main.o section .ubsct
_rx_wr_index1           00000037   defined in Debug\main.o section .ubsct
_str2int                0000846d   defined in Debug\main.o section .text
_t0_cnt0                00000000   defined in Debug\main.o section .bsct, initialized
_t0_cnt1                00000001   defined in Debug\main.o section .bsct, initialized
_t0_cnt2                00000002   defined in Debug\main.o section .bsct, initialized
_t0_cnt3                00000003   defined in Debug\main.o section .bsct, initialized
_t0_cnt4                00000004   defined in Debug\main.o section .bsct, initialized
_t4_init                00008a62   defined in Debug\main.o section .text
_transmit_cnt_number    0000000c   defined in Debug\main.o section .ubsct
_tx_buffer1             00000100   defined in Debug\main.o section .data, initialized
_tx_busy_cnt            00000031   defined in Debug\main.o section .ubsct
_tx_counter1            0000003d   defined in Debug\main.o section .ubsct
_tx_rd_index1           0000003b   defined in Debug\main.o section .ubsct
_tx_stat                00000005   defined in Debug\main.o section .bsct, initialized
_tx_stat_cnt            0000058f   defined in Debug\main.o section .bss
_tx_wd_cnt              00000006   defined in Debug\main.o section .bsct, initialized
_tx_wr_index1           0000003c   defined in Debug\main.o section .ubsct
_uart1_init             00008310   defined in Debug\main.o section .text
_uart1_out_adr          00008397   defined in Debug\main.o section .text
c_fadd                  0000922b   defined in (C:\Program Files\COSMIC\CXSTM8_32K\Lib\libm0.sm8)fadd.o section .text
                                   used in (C:\Program Files\COSMIC\CXSTM8_32K\Lib\libfs0.sm8)exp.o
                                           (C:\Program Files\COSMIC\CXSTM8_32K\Lib\libfs0.sm8)cffun0.o
                                           (C:\Program Files\COSMIC\CXSTM8_32K\Lib\libfs0.sm8)log.o
                                           (C:\Program Files\COSMIC\CXSTM8_32K\Lib\libm0.sm8)fgadd.o
c_fcmp                  000092f4   defined in (C:\Program Files\COSMIC\CXSTM8_32K\Lib\libm0.sm8)fcmp.o section .text
                                   used in (C:\Program Files\COSMIC\CXSTM8_32K\Lib\libfs0.sm8)pow.o
                                           (C:\Program Files\COSMIC\CXSTM8_32K\Lib\libfs0.sm8)exp.o
                                           (C:\Program Files\COSMIC\CXSTM8_32K\Lib\libfs0.sm8)ifmod.o
                                           (C:\Program Files\COSMIC\CXSTM8_32K\Lib\libfs0.sm8)log.o
c_fdiv                  0000932a   defined in (C:\Program Files\COSMIC\CXSTM8_32K\Lib\libm0.sm8)fdiv.o section .text
                                   used in (C:\Program Files\COSMIC\CXSTM8_32K\Lib\libfs0.sm8)pow.o
                                           (C:\Program Files\COSMIC\CXSTM8_32K\Lib\libfs0.sm8)exp.o
                                           (C:\Program Files\COSMIC\CXSTM8_32K\Lib\libfs0.sm8)log.o
c_fgadd                 000093ae   defined in (C:\Program Files\COSMIC\CXSTM8_32K\Lib\libm0.sm8)fgadd.o section .text
                                   used in (C:\Program Files\COSMIC\CXSTM8_32K\Lib\libfs0.sm8)log.o
c_fgmul                 000093b6   defined in (C:\Program Files\COSMIC\CXSTM8_32K\Lib\libm0.sm8)fgmul.o section .text
                                   used in (C:\Program Files\COSMIC\CXSTM8_32K\Lib\libfs0.sm8)pow.o
                                           (C:\Program Files\COSMIC\CXSTM8_32K\Lib\libfs0.sm8)log.o
c_fgneg                 000093be   defined in (C:\Program Files\COSMIC\CXSTM8_32K\Lib\libm0.sm8)fgneg.o section .text
                                   used in (C:\Program Files\COSMIC\CXSTM8_32K\Lib\libfs0.sm8)pow.o
                                           (C:\Program Files\COSMIC\CXSTM8_32K\Lib\libfs0.sm8)ifmod.o
c_fgsub                 000093c9   defined in (C:\Program Files\COSMIC\CXSTM8_32K\Lib\libm0.sm8)fgsub.o section .text
                                   used in (C:\Program Files\COSMIC\CXSTM8_32K\Lib\libfs0.sm8)ifmod.o
                                           (C:\Program Files\COSMIC\CXSTM8_32K\Lib\libfs0.sm8)log.o
c_fmul                  000093d4   defined in (C:\Program Files\COSMIC\CXSTM8_32K\Lib\libm0.sm8)fmul.o section .text
                                   used in (C:\Program Files\COSMIC\CXSTM8_32K\Lib\libfs0.sm8)exp.o
                                           (C:\Program Files\COSMIC\CXSTM8_32K\Lib\libfs0.sm8)cffun0.o
                                           (C:\Program Files\COSMIC\CXSTM8_32K\Lib\libfs0.sm8)log.o
                                           (C:\Program Files\COSMIC\CXSTM8_32K\Lib\libm0.sm8)fgmul.o
c_fneg                  000094a9   defined in (C:\Program Files\COSMIC\CXSTM8_32K\Lib\libm0.sm8)fneg.o section .text
                                   used in (C:\Program Files\COSMIC\CXSTM8_32K\Lib\libfs0.sm8)pow.o
                                           (C:\Program Files\COSMIC\CXSTM8_32K\Lib\libfs0.sm8)log.o
                                           (C:\Program Files\COSMIC\CXSTM8_32K\Lib\libm0.sm8)fgsub.o
c_fsub                  00009217   defined in (C:\Program Files\COSMIC\CXSTM8_32K\Lib\libm0.sm8)fadd.o section .text
                                   used in (C:\Program Files\COSMIC\CXSTM8_32K\Lib\libfs0.sm8)exp.o
                                           (C:\Program Files\COSMIC\CXSTM8_32K\Lib\libfs0.sm8)log.o
                                           (C:\Program Files\COSMIC\CXSTM8_32K\Lib\libm0.sm8)fgsub.o
c_ftoi                  000094b4   defined in (C:\Program Files\COSMIC\CXSTM8_32K\Lib\libm0.sm8)ftol.o section .text
                                   used in Debug\main.o
c_ftol                  000094ba   defined in (C:\Program Files\COSMIC\CXSTM8_32K\Lib\libm0.sm8)ftol.o section .text
                                   used in (C:\Program Files\COSMIC\CXSTM8_32K\Lib\libfs0.sm8)ftrunc.o
c_imul                  00009516   defined in (C:\Program Files\COSMIC\CXSTM8_32K\Lib\libm0.sm8)imul.o section .text
                                   used in Debug\main.o
c_itof                  00009537   defined in (C:\Program Files\COSMIC\CXSTM8_32K\Lib\libm0.sm8)itof.o section .text
                                   used in Debug\main.o
                                           (C:\Program Files\COSMIC\CXSTM8_32K\Lib\libfs0.sm8)log.o
c_lreg                  00000060   defined in (C:\Program Files\COSMIC\CXSTM8_32K\Lib\libm0.sm8)lreg.o section .ubsct
                                   used in Debug\main.o
                                           (C:\Program Files\COSMIC\CXSTM8_32K\Lib\libfs0.sm8)exp.o
                                           (C:\Program Files\COSMIC\CXSTM8_32K\Lib\libfs0.sm8)cffun0.o
                                           (C:\Program Files\COSMIC\CXSTM8_32K\Lib\libfs0.sm8)ifmod.o
                                           (C:\Program Files\COSMIC\CXSTM8_32K\Lib\libm0.sm8)fadd.o
                                           (C:\Program Files\COSMIC\CXSTM8_32K\Lib\libm0.sm8)fcmp.o
                                           (C:\Program Files\COSMIC\CXSTM8_32K\Lib\libm0.sm8)fdiv.o
                                           (C:\Program Files\COSMIC\CXSTM8_32K\Lib\libm0.sm8)fmul.o
                                           (C:\Program Files\COSMIC\CXSTM8_32K\Lib\libm0.sm8)fneg.o
                                           (C:\Program Files\COSMIC\CXSTM8_32K\Lib\libm0.sm8)ftol.o
                                           (C:\Program Files\COSMIC\CXSTM8_32K\Lib\libm0.sm8)itof.o
                                           (C:\Program Files\COSMIC\CXSTM8_32K\Lib\libm0.sm8)ltof.o
                                           (C:\Program Files\COSMIC\CXSTM8_32K\Lib\libm0.sm8)ltor.o
                                           (C:\Program Files\COSMIC\CXSTM8_32K\Lib\libm0.sm8)rtol.o
c_ltof                  00009565   defined in (C:\Program Files\COSMIC\CXSTM8_32K\Lib\libm0.sm8)ltof.o section .text
                                   used in (C:\Program Files\COSMIC\CXSTM8_32K\Lib\libfs0.sm8)ftrunc.o
c_ltor                  000095c3   defined in (C:\Program Files\COSMIC\CXSTM8_32K\Lib\libm0.sm8)ltor.o section .text
                                   used in (C:\Program Files\COSMIC\CXSTM8_32K\Lib\libfs0.sm8)pow.o
                                           (C:\Program Files\COSMIC\CXSTM8_32K\Lib\libfs0.sm8)exp.o
                                           (C:\Program Files\COSMIC\CXSTM8_32K\Lib\libfs0.sm8)cffun0.o
                                           (C:\Program Files\COSMIC\CXSTM8_32K\Lib\libfs0.sm8)ifmod.o
                                           (C:\Program Files\COSMIC\CXSTM8_32K\Lib\libfs0.sm8)ftrunc.o
                                           (C:\Program Files\COSMIC\CXSTM8_32K\Lib\libfs0.sm8)log.o
c_okadd                 00009235   defined in (C:\Program Files\COSMIC\CXSTM8_32K\Lib\libm0.sm8)fadd.o section .text
c_okdiv                 0000933a   defined in (C:\Program Files\COSMIC\CXSTM8_32K\Lib\libm0.sm8)fdiv.o section .text
                                   *** not used ***
c_okmul                 000093e2   defined in (C:\Program Files\COSMIC\CXSTM8_32K\Lib\libm0.sm8)fmul.o section .text
                                   *** not used ***
c_oksub                 00009221   defined in (C:\Program Files\COSMIC\CXSTM8_32K\Lib\libm0.sm8)fadd.o section .text
                                   *** not used ***
c_rtol                  000095d5   defined in (C:\Program Files\COSMIC\CXSTM8_32K\Lib\libm0.sm8)rtol.o section .text
                                   used in (C:\Program Files\COSMIC\CXSTM8_32K\Lib\libfs0.sm8)pow.o
                                           (C:\Program Files\COSMIC\CXSTM8_32K\Lib\libfs0.sm8)exp.o
                                           (C:\Program Files\COSMIC\CXSTM8_32K\Lib\libfs0.sm8)ifmod.o
                                           (C:\Program Files\COSMIC\CXSTM8_32K\Lib\libfs0.sm8)ftrunc.o
                                           (C:\Program Files\COSMIC\CXSTM8_32K\Lib\libfs0.sm8)log.o
                                           (C:\Program Files\COSMIC\CXSTM8_32K\Lib\libm0.sm8)fgadd.o
                                           (C:\Program Files\COSMIC\CXSTM8_32K\Lib\libm0.sm8)fgmul.o
                                           (C:\Program Files\COSMIC\CXSTM8_32K\Lib\libm0.sm8)fgsub.o
c_sdivx                 000095ed   defined in (C:\Program Files\COSMIC\CXSTM8_32K\Lib\libm0.sm8)sdivx.o section .text
                                   used in Debug\main.o
c_smodx                 000095e7   defined in (C:\Program Files\COSMIC\CXSTM8_32K\Lib\libm0.sm8)sdivx.o section .text
                                   *** not used ***
c_x                     00000064   defined in (C:\Program Files\COSMIC\CXSTM8_32K\Lib\libm0.sm8)xreg.o section .ubsct
                                   used in C:\Program Files\COSMIC\CXSTM8_32K\Lib\crtsi0.sm8
                                           Debug\main.o
                                           (C:\Program Files\COSMIC\CXSTM8_32K\Lib\libfs0.sm8)cffun0.o
                                           (C:\Program Files\COSMIC\CXSTM8_32K\Lib\libm0.sm8)fadd.o
                                           (C:\Program Files\COSMIC\CXSTM8_32K\Lib\libm0.sm8)fcmp.o
                                           (C:\Program Files\COSMIC\CXSTM8_32K\Lib\libm0.sm8)fdiv.o
                                           (C:\Program Files\COSMIC\CXSTM8_32K\Lib\libm0.sm8)fmul.o
                                           (C:\Program Files\COSMIC\CXSTM8_32K\Lib\libm0.sm8)imul.o
                                           (C:\Program Files\COSMIC\CXSTM8_32K\Lib\libm0.sm8)sdivx.o
                                           (C:\Program Files\COSMIC\CXSTM8_32K\Lib\libm0.sm8)xymvx.o
c_xymvx                 00009612   defined in (C:\Program Files\COSMIC\CXSTM8_32K\Lib\libm0.sm8)xymvx.o section .text
                                   used in Debug\main.o
c_y                     00000067   defined in (C:\Program Files\COSMIC\CXSTM8_32K\Lib\libm0.sm8)yreg.o section .ubsct
                                   used in C:\Program Files\COSMIC\CXSTM8_32K\Lib\crtsi0.sm8
f_CAN_RX_Interrupt      00008ad0   defined in Debug\main.o section .text
                                   used in Debug\stm8_interrupt_vector.o
f_CAN_TX_Interrupt      00008ae8   defined in Debug\main.o section .text
                                   used in Debug\stm8_interrupt_vector.o
f_NonHandledInterrupt   00009621   defined in Debug\stm8_interrupt_vector.o section .text
f_TIM4_UPD_Interrupt    00008a73   defined in Debug\main.o section .text
                                   used in Debug\stm8_interrupt_vector.o
f_UART1RxInterrupt      00008b3f   defined in Debug\main.o section .text
                                   used in Debug\stm8_interrupt_vector.o
f_UART1TxInterrupt      00008af8   defined in Debug\main.o section .text
                                   used in Debug\stm8_interrupt_vector.o
